<!doctype html>
<html lang="en">
  <head>
    <meta charset="utf-8">
    <meta name="viewport" content="width=device-width, initial-scale=1">
    <meta name="description" content="">
    <meta name="author" content="Mark Otto, Jacob Thornton, and Bootstrap contributors">
    <meta name="generator" content="Hugo 0.84.0">
    <title>Test Application</title>
    <link rel="canonical" href="https://getbootstrap.com/docs/5.0/examples/navbar-static/">
    <link rel=stylesheet href=https://cdn.jsdelivr.net/npm/pretty-print-json@3.0/dist/css/pretty-print-json.css>
    <link href="https://cdn.jsdelivr.net/npm/bootstrap@5.3.3/dist/css/bootstrap.min.css" rel="stylesheet">
    <meta name="theme-color" content="#7952b3">
    <style>
    .alert ul {
      margin-bottom: 0;
    }
    .mermaid{
      height: 300px;
      border: 1px solid #000;
    }
    .mermaid pre {
      display: none;
    }
    section {
      margin-bottom: 50px;
    }
    .badges {
      margin-bottom: 15px;
    }
    .json {
      border: 1px solid black;
      background-color: lightgray;
      padding: 10px;
     }
    </style>
  </head>
  <body>
    <main class="container">
      <nav aria-label="breadcrumb">
        <ol class="breadcrumb">
          <li class="breadcrumb-item"><a href="../index.html">Application</a></li>
          <li class="breadcrumb-item active" aria-current="page">Module</li>
        </ol>
      </nav>
      
      <h1>Module</h1>
      <div class="badges">
        <img alt="Static Badge" src="https://img.shields.io/badge/Color--Tag-Blue-blue">
        <img alt="Static Badge" src="https://img.shields.io/badge/Without%20Value-green">
        <img alt="Static Badge" src="https://img.shields.io/badge/Validator%20Errors-15-red">
      </div>
      
      <div class="alert alert-danger" role="alert">
        <ul>
          <li>A Todo</li>
        </ul>
      </div>
      
      <section>
        <p>This is an integration test for the application</p>
      </section>
      
      <section>
        <h2>Schemas</h2>
        <div class="mermaid">
          <pre class="mermaidDefinition">
            classDiagram
      namespace Module {
        class _Module_Interface_yml["Interface"]
        class OneOf2["OneOf2"]
        class OneOf1["OneOf1"]
        class _Module_Object_yaml["Object"]
        class SubInterface["SubInterface"]
        class SubInterfaceOneOf3["SubInterfaceOneOf3"]
        class SubInterfaceOneOf2["SubInterfaceOneOf2"]
        class SubObject["SubObject"]
        class _Module_Tags_yaml["Tags"]
      }
      namespace Module 2 {
        class _Module2_Object2_yaml["Object 2"]
      }
      _Module2_Object2_yaml o-- _Module_Object_yaml :reference1
      _Module2_Object2_yaml ..> _Module_Object_yaml :reference2
      _Module_Interface_yml <|-- OneOf1 
      _Module_Interface_yml <|-- OneOf2 
      _Module_Object_yaml o-- SubObject :subObject
      _Module_Object_yaml o-- SubInterface :subInterface
      SubInterface <|-- _Module_Object_yaml 
      SubInterface <|-- SubInterfaceOneOf2 
      SubInterface <|-- SubInterfaceOneOf3 
      SubInterfaceOneOf3 <|-- _Module_Object_yaml 
      SubInterfaceOneOf3 <|-- _Module_Interface_yml 
      click _Module_Interface_yml href "./Interface.yml.html" "Interface"
      click OneOf2 href "./Interface.yml.html" "Interface"
      click OneOf1 href "./Interface.yml.html" "Interface"
      click _Module_Object_yaml href "./Object.yaml.html" "Object"
      click SubInterface href "./Object.yaml.html" "Object"
      click SubInterfaceOneOf3 href "./Object.yaml.html" "Object"
      click SubInterfaceOneOf2 href "./Object.yaml.html" "Object"
      click SubObject href "./Object.yaml.html" "Object"
      click _Module_Tags_yaml href "./Tags.yaml.html" "Tags"
      click _Module2_Object2_yaml href "../Module2/Object2.yaml.html" "Object 2"
          </pre>
        </div>
        <table class="table">
          <thead>
            <tr>
              <th>Name</th>
              <th>Type</th>
              <th>Description</th>
            </tr>
          </thead>
          <tbody>
            <tr>
              <td><a href="./Interface.yml.html">Interface</a></td>
              <td>Other</td>
              <td>An interface</td>
            </tr>
            <tr>
              <td><a href="./Object.yaml.html">Object</a></td>
              <td>Entity</td>
              <td>A simple object</td>
            </tr>
            <tr>
              <td><a href="./Tags.yaml.html">Tags</a></td>
              <td>ValueObject</td>
              <td>An example for tags etc.</td>
            </tr>
          </tbody>
        </table>
      </section>
      
      <section>
        <h2>Verification Errors</h2>
        <table class="table">
          <thead>
            <tr>
              <th>Type</th>
              <th>Description</th>
            </tr>
          </thead>
          <tbody>
            <tr>
              <td>WRONG</td>
              <td>An error</td>
            </tr>
            <tr>
              <td>NOT_IN_DOMAIN_MODEL</td>
              <td>Method &#x27;GET /test&#x27; must not exist</td>
            </tr>
            <tr>
              <td>WRONG</td>
              <td>Response body &#x27;200&#x27; in method &#x27;PUT /test&#x27; with media type &#x27;application/json&#x27; is wrong: Type of &#x27;kind&#x27; must be &#x27;string&#x27; but is &#x27;number&#x27;</td>
            </tr>
            <tr>
              <td>NOT_IN_DOMAIN_MODEL</td>
              <td>Response body &#x27;200&#x27; in method &#x27;PUT /test&#x27; with media type &#x27;application/json&#x27; is wrong: Property &#x27;wrong&#x27; must not exist</td>
            </tr>
            <tr>
              <td>MISSING_IN_IMPLEMENTATION</td>
              <td>Response body &#x27;200&#x27; in method &#x27;PUT /test&#x27; with media type &#x27;application/json&#x27; is wrong: Enum &#x27;OneOf[1].kind&#x27; must contain value &quot;INSIDE2&quot;</td>
            </tr>
            <tr>
              <td>NOT_IN_DOMAIN_MODEL</td>
              <td>Response body &#x27;200&#x27; in method &#x27;PUT /test&#x27; with media type &#x27;application/json&#x27; is wrong: Enum &#x27;OneOf[1].kind&#x27; must not contain value &quot;INSIDEX&quot;</td>
            </tr>
            <tr>
              <td>WRONG</td>
              <td>Response body &#x27;200&#x27; in method &#x27;PUT /test&#x27; with media type &#x27;application/json&#x27; is wrong: Property &#x27;kind&#x27; must be required</td>
            </tr>
            <tr>
              <td>WRONG</td>
              <td>Response body &#x27;200&#x27; in method &#x27;PUT /test&#x27; with media type &#x27;application/json&#x27; is wrong: Property &#x27;wrong&#x27; must not be required</td>
            </tr>
            <tr>
              <td>WRONG</td>
              <td>Response body &#x27;200&#x27; in method &#x27;PUT /test&#x27; with media type &#x27;application/xml&#x27; is wrong: Type of &#x27;kind&#x27; must be &#x27;string&#x27; but is &#x27;number&#x27;</td>
            </tr>
            <tr>
              <td>NOT_IN_DOMAIN_MODEL</td>
              <td>Response body &#x27;200&#x27; in method &#x27;PUT /test&#x27; with media type &#x27;application/xml&#x27; is wrong: Property &#x27;wrong&#x27; must not exist</td>
            </tr>
            <tr>
              <td>MISSING_IN_IMPLEMENTATION</td>
              <td>Response body &#x27;200&#x27; in method &#x27;PUT /test&#x27; with media type &#x27;application/xml&#x27; is wrong: Enum &#x27;OneOf[1].kind&#x27; must contain value &quot;INSIDE2&quot;</td>
            </tr>
            <tr>
              <td>NOT_IN_DOMAIN_MODEL</td>
              <td>Response body &#x27;200&#x27; in method &#x27;PUT /test&#x27; with media type &#x27;application/xml&#x27; is wrong: Enum &#x27;OneOf[1].kind&#x27; must not contain value &quot;INSIDEX&quot;</td>
            </tr>
            <tr>
              <td>WRONG</td>
              <td>Response body &#x27;200&#x27; in method &#x27;PUT /test&#x27; with media type &#x27;application/xml&#x27; is wrong: Property &#x27;kind&#x27; must be required</td>
            </tr>
            <tr>
              <td>WRONG</td>
              <td>Response body &#x27;200&#x27; in method &#x27;PUT /test&#x27; with media type &#x27;application/xml&#x27; is wrong: Property &#x27;wrong&#x27; must not be required</td>
            </tr>
            <tr>
              <td>WRONG</td>
              <td>Schema &#x27;Tags&#x27; has 1 validation error</td>
            </tr>
          </tbody>
        </table>
      </section>
      
      <section>
        <h2>Links</h2>
        <ul>
          <li><a href="http://www.google.com">Link</a></li>
          <li><a href="./Module/index.yaml">Local-Link</a></li>
          <li><a href="./Module.openapi.yaml">OpenApiSpec</a></li>
        </ul>
      </section>
      
    </main>
    <script src="https://cdn.jsdelivr.net/npm/svg-pan-zoom@3.5.0/dist/svg-pan-zoom.min.js"></script>
    <script src="https://cdn.jsdelivr.net/npm/bootstrap@5.3.3/dist/js/bootstrap.bundle.min.js"></script>
    <script src="https://cdn.jsdelivr.net/npm/pretty-print-json@3.0/dist/pretty-print-json.min.js"></script>
    <script type="module">
      import mermaid from 'https://cdn.jsdelivr.net/npm/mermaid@10/dist/mermaid.esm.min.mjs';

      function prettifyJson(){
        const elements = document.querySelectorAll('.json');
        for(const element of elements) {
          element.innerHTML = prettyPrintJson.toHtml(JSON.parse(element.innerText));
        }
      }

      function drawDiagrams() {
        const elements = document.querySelectorAll('.mermaid');
        elements.forEach((element, i) =>drawDiagram(element, i));
      }

      async function drawDiagram(element, i) {
        const graphDefinition = element.querySelector(".mermaidDefinition")
        const {svg} = await mermaid.render('mySvg_' + i, graphDefinition.innerText);
        const preview = createMermaidPreview(element, svg);
        const modal = createMermaidModal();
        //Do this with a slight delay to take link in mermaid diagram take precedence
        element.addEventListener('click', () => setTimeout(() => showMermaidModal(preview,modal), 30));
      }

      function createMermaidPreview(element, svg) {
        const preview = document.createElement('div');
        preview.style.height = '100%';
        preview.style.width = '100%';
        preview.innerHTML = svg.replace(/[ ]*max-width:[ 0-9\.]*px;/i , '');
        preview.querySelector("svg").style.height = '100%';
        preview.querySelector("svg").style.width = '100%';
        element.appendChild(preview);
        return preview;
      }

      function createMermaidModal() {
        const modal = document.createElement('div');
        modal.innerHTML =
            '<div class="modal" tabindex="-1">\n' +
            '  <div class="modal-dialog modal-fullscreen">\n' +
            '    <div class="modal-content">\n' +
            '      <div class="modal-header">\n' +
            '        <button type="button" class="btn-close" data-bs-dismiss="modal" aria-label="Close"></button>\n' +
            '      </div>\n' +
            '      <div class="modal-body"></div>\n' +
            '    </div>\n' +
            '  </div>\n' +
            '</div>';
        document.body.appendChild(modal);
        return modal;
      }

      function showMermaidModal(preview, modal) {
        const modalBody = modal.querySelector('.modal-body');
        modalBody.innerHTML = preview.innerHTML
        const modalDiv = modal.querySelector('.modal');
        const svg = modalBody.querySelector('svg');
        new bootstrap.Modal(modalDiv).show();
        svgPanZoom(svg, {
          zoomEnabled: true,
          controlIconsEnabled: true,
          fit: true,
          center: true
        })
      }

      mermaid.initialize({ startOnLoad: false,securityLevel: 'loose'});
      drawDiagrams();
      prettifyJson();
    </script>
  </body>
</html>
